[www.benfranklin365.com/index.html]
[backblue.gif]
[fade.gif]
[index.html]
[www.benfranklin365.com/images/social-share-img.jpg]
[www.google-analytics.com/analytics.js]
[www.benfranklin365.com/cms/includes/nzpl5483feq.1807051336256.css]
[www.benfranklin365.com/images/brand/logo.png]
[www.benfranklin365.com/cms/includes/eq4g6oat1eh.1807121633018.js]
[www.benfranklin365.com/cms/svg/9hd3ukcgem7.svg]
[www.benfranklin365.com/images/panels/mainstage-bg-dark.jpg]
[www.benfranklin365.com/about-us/index.html]
[www.benfranklin365.com/about-us/senior-check-program/index.html]
[www.benfranklin365.com/about-us/careers-page/index.html]
[www.benfranklin365.com/our-services/commercial-plumbing/index.html]
[www.benfranklin365.com/our-services/plumbing/index.html]
[www.benfranklin365.com/our-services/index.html]
[www.benfranklin365.com/our-services/drain-services/index.html]
[www.benfranklin365.com/images/panels/banner-img[1].png]
[www.benfranklin365.com/our-services/pipes-and-sewers/index.html]
[www.benfranklin365.com/our-services/water-heaters/index.html]
[www.benfranklin365.com/our-services/sinks-toilets-faucets-tubs-showers/index.html]
[www.benfranklin365.com/images/panels/contact-bg-dark.jpg]
[www.benfranklin365.com/our-services/trenchless-repair-replacement/index.html]
[www.benfranklin365.com/our-services/rooter-services/index.html]
[www.benfranklin365.com/images/panels/values-bg-light.jpg]
[www.benfranklin365.com/our-services/water-conditioning-softening/index.html]
[www.benfranklin365.com/our-services/disposals/index.html]
[www.benfranklin365.com/our-services/furnaces/index.html]
[www.benfranklin365.com/our-services/gas-plumbing/index.html]
[www.benfranklin365.com/products/index.html]
[www.benfranklin365.com/products/water-heaters/index.html]
[www.benfranklin365.com/images/values-img[1].png]
[www.benfranklin365.com/products/water-filtration/index.html]
[www.benfranklin365.com/coupons/index.html]
[www.benfranklin365.com/images/panels/content-bg-dark2.jpg]
[www.benfranklin365.com/reviews/index.html]
[www.benfranklin365.com/contact-us/index.html]
[www.benfranklin365.com/images/panels/reviews-bg-dark.jpg]
[www.benfranklin365.com/blog/index.html]
[www.benfranklin365.com/blog/categories/index.html]
[www.benfranklin365.com/blog/2018/index.html]
[www.benfranklin365.com/common/js/j/ui.mobile.js]
[www.benfranklin365.com/blog/2016/index.html]
[www.benfranklin365.com/blog/2017/index.html]
[www.benfranklin365.com/includes/js/scrolling-list-script.js]
[www.benfranklin365.com/images/panels/blog-bg-light[2].jpg]
[www.benfranklin365.com/Shared/images/spacer.gif]
[www.benfranklin365.com/images/blog/replace-gas-control-valve1.jpg]
[www.benfranklin365.com/images/blog/Mother-Daughter-Fan.jpg]
[www.benfranklin365.com/blog/2018/may/water-heater-tripping-its-reset-button-here-s-wh/index.html]
[www.benfranklin365.com/images/blog/3-Easy-Ways-to-Conserve-Water-in-Your-Home.jpg]
[www.benfranklin365.com/images/brand/logo-footer.png]
[www.benfranklin365.com/blog/2018/april/3-easy-ways-to-conserve-water-in-your-home/index.html]
[www.benfranklin365.com/images/awards/HA-Best-of-2015.png]
[www.benfranklin365.com/site-map/index.html]
[www.benfranklin365.com/blog/2018/april/preparing-you-re-a-c-for-the-summer/index.html]
[www.benfranklin365.com/images/awards/home-advisor-top-rated.png]
[www.benfranklin365.com/images/awards/Home-Advisor.png]
[www.scorpion.co/images/client-footer-logos/home-services-logo.png]
[www.benfranklin365.com/cms/includes/91vyp_7w_hr.1806201842201.js]
[www.scorpioncms.com/css/54edd0ehfh4.css]
[www.scorpioncms.com/includes/fonts/baskerville-open-sans.css]
[www.benfranklin365.com/index.html]
[www.benfranklin365.com/common/images/sprite24.png]
[www.benfranklin365.com/images/payment-sprites.png]
[www.benfranklin365.com/cms/includes/nzpl5483feq.1807051336256.css]
[www.benfranklin365.com/cms/svg/9hd3ukcgem7.svg]
[www.benfranklin365.com/cms/includes/smy9_wec2rb.1807051336256.css]
[www.benfranklin365.com/images/banners/sub-banner-bg-dark[1].jpg]
[www.benfranklin365.com/about-us/index.html]
[www.benfranklin365.com/cms/includes/9ht8eay3o2a.1807112111037.js]
[www.benfranklin365.com/cms/includes/dsusctsofxs.1807051336256.css]
[www.benfranklin365.com/images/banners/sub-banner-bg-dark11.jpg]
[www.benfranklin365.com/images/panels/blog-bg-light[1].jpg]
[www.benfranklin365.com/cms/includes/2fe2blzj8au.1806201842201.js]
[www.benfranklin365.com/about-us/careers-page/index.html]
[www.benfranklin365.com/images/banners/sub-banner-bg-dark10.jpg]
[www.benfranklin365.com/about-us/senior-check-program/index.html]
[www.benfranklin365.com/images/banners/sub-banner-bg-dark12.jpg]
[www.benfranklin365.com/our-services/index.html]
[www.benfranklin365.com/our-services/plumbing/index.html]
[www.benfranklin365.com/our-services/commercial-plumbing/index.html]
[www.benfranklin365.com/images/banners/sub-banner-bg-dark2.jpg]
[www.benfranklin365.com/our-services/drain-services/index.html]
[www.benfranklin365.com/images/banners/sub-banner-bg-dark3.jpg]
[www.benfranklin365.com/our-services/pipes-and-sewers/index.html]
[www.benfranklin365.com/images/banners/sub-banner-bg-dark4.jpg]
[www.benfranklin365.com/our-services/water-heaters/index.html]
[www.benfranklin365.com/images/banners/sub-banner-bg-dark5.jpg]
[www.benfranklin365.com/our-services/sinks-toilets-faucets-tubs-showers/index.html]
[www.benfranklin365.com/images/banners/sub-banner-bg-dark6.jpg]
[www.benfranklin365.com/our-services/disposals/index.html]
[www.benfranklin365.com/images/banners/sub-banner-bg-dark7.jpg]
[www.benfranklin365.com/our-services/trenchless-repair-replacement/index.html]
[www.benfranklin365.com/images/banners/sub-banner-bg-dark8.jpg]
[www.benfranklin365.com/our-services/rooter-services/index.html]
[www.benfranklin365.com/images/banners/sub-banner-bg-dark9.jpg]
[www.benfranklin365.com/our-services/water-conditioning-softening/index.html]
[www.benfranklin365.com/our-services/furnaces/index.html]
[www.benfranklin365.com/our-services/gas-plumbing/index.html]
[www.benfranklin365.com/products/index.html]
[www.benfranklin365.com/products/water-heaters/index.html]
[www.benfranklin365.com/products/water-filtration/index.html]
[www.benfranklin365.com/cms/includes/g_zf8nb05dn.1807051336256.css]
[www.benfranklin365.com/images/banners/sub-banner-bg-dark.jpg]
[www.benfranklin365.com/cms/includes/m57084o69yq.1806201842201.js]
[www.benfranklin365.com/coupons/index.html]
[www.benfranklin365.com/cms/includes/gpuiykitgjb.1807051336256.css]
[www.benfranklin365.com/reviews/index.html]
[www.benfranklin365.com/cms/includes/p59aschowtc.1806201842201.js]
[www.benfranklin365.com/cms/includes/bfjqrqjp5g2.1807051336256.css]
[www.benfranklin365.com/contact-us/index.html]
[www.benfranklin365.com/cms/includes/w1b4690v3qk.1806201842201.js]
[www.benfranklin365.com/cms/includes/2hqda4lphv4.1807051336256.css]
[www.benfranklin365.com/images/blog/BF-Is-it-Time-to-Tune-Up-or-Replace-Your-Water-Heater.jpg]
[www.benfranklin365.com/blog/categories/a-c-tune-up/index.html]
[www.benfranklin365.com/blog/categories/air-conditioning/index.html]
[www.benfranklin365.com/blog/categories/air-conditioning-maintenance/index.html]
[www.benfranklin365.com/blog/categories/combat-mosquitoes/index.html]
[www.benfranklin365.com/images/blog/Don-t-Flush-That-BF.jpg]
[www.benfranklin365.com/blog/categories/bathroom-plumbing/index.html]
[www.benfranklin365.com/blog/categories/control-water-leaks/index.html]
[www.benfranklin365.com/blog/categories/dishwasher/index.html]
[www.benfranklin365.com/blog/categories/dishwasher-care/index.html]
[www.benfranklin365.com/blog/categories/diy/index.html]
[www.benfranklin365.com/blog/categories/diy-home-repairs/index.html]
[www.benfranklin365.com/images/blog/Questions-Should-Ask-About-Water-Pipes.jpg]
[www.benfranklin365.com/blog/2018/march/4-questions-every-homeowner-should-ask-about-wat/index.html]
[www.benfranklin365.com/blog/2018/february/hvac-care-for-pet-owners/index.html]
[www.benfranklin365.com/blog/2018/january/is-it-time-to-tune-up-or-replace-your-water-heat/index.html]
[www.benfranklin365.com/blog/2017/december/wait-don-t-flush-that-8-item-that-should-never-b/index.html]
[www.benfranklin365.com/cms/includes/e5vcre7_jpd.1806201842201.js]
[www.benfranklin365.com/blog/index.html]
[www.benfranklin365.com/cms/includes/ns0sgaruqsd.1806201842201.js]
[www.benfranklin365.com/blog/2018/february/4-signs-you-may-need-a-water-filtration-system-f/index.html]
[www.benfranklin365.com/blog/2017/may/3-reasons-your-air-conditioner-needs-a-tune-up/index.html]
[www.benfranklin365.com/blog/2017/april/energy-saving-tips-for-spring-and-summer/index.html]
[www.benfranklin365.com/blog/categories/index.html]
[www.benfranklin365.com/blog/2017/may/your-toilet-is-overflowing-what-now-/index.html]
[www.benfranklin365.com/blog/2017/may/five-plumbing-problems-you-want-to-avoid-this-sp/index.html]
[www.benfranklin365.com/blog/2017/july/control-water-around-the-home-to-combat-mosquito/index.html]
[www.benfranklin365.com/blog/2017/january/simple-care-for-your-dishwasher/index.html]
[www.benfranklin365.com/blog/2017/september/home-repairs-you-shouldn-t-tackle-yourself/index.html]
[www.benfranklin365.com/blog/categories/energy-efficiency/index.html]
[www.benfranklin365.com/blog/2018/january/save-energy-by-wrapping-your-water-heater/index.html]
[www.benfranklin365.com/blog/categories/flooded-basement/index.html]
[www.benfranklin365.com/cms/includes/pftr6jbz76n.1807051336256.css]
[www.benfranklin365.com/blog/categories/heating-air/index.html]
[www.benfranklin365.com/blog/categories/holiday-plumbing-tips/index.html]
[www.benfranklin365.com/blog/2016/september/stay-dry-by-keeping-your-sump-pump-clean/index.html]
[www.benfranklin365.com/images/blog/4-Signs-You-May-Need-a-Water-Filtration-System-BF.jpg]
[www.benfranklin365.com/blog/2017/december/pain-in-the-drain-how-the-holidays-can-affect-yo/index.html]
[www.benfranklin365.com/blog/categories/household-maintenance/index.html]
[www.benfranklin365.com/images/blog/Annual-Maintenance-Schedule-BF.jpg]
[www.benfranklin365.com/blog/categories/hvac/index.html]
[www.benfranklin365.com/blog/2018/january/keep-your-home-in-top-shape-by-following-an-annu/index.html]
[www.benfranklin365.com/images/blog/Save-Energy-by-Wrapping-Your-Water-Heater-BF.jpg]
[www.benfranklin365.com/blog/categories/hvac-maintenance/index.html]
[www.benfranklin365.com/blog/categories/hvac-tips-for-pet-owners/index.html]
[www.benfranklin365.com/images/blog/HVAC-Care-for-Pet-Owners-2.jpg]
[www.benfranklin365.com/blog/categories/kitchen-sink/index.html]
[www.benfranklin365.com/blog/categories/kitchen-plumbing/index.html]
[www.benfranklin365.com/cms/includes/118u0zbjlt8.1806201842201.js]
[www.benfranklin365.com/blog/2018/index.html]
[www.benfranklin365.com/blog/categories/plumbing/index.html]
[www.benfranklin365.com/blog/2016/april/why-does-my-kitchen-sink-smell-/index.html]
[www.benfranklin365.com/blog/categories/plumbing-reno/index.html]
[www.benfranklin365.com/blog/categories/plumbing-maintenance/index.html]
[www.benfranklin365.com/images/blog/Five-Plumbing-Problems-You-Want-to-Avoid-This-Spring-BF.jpg]
[www.benfranklin365.com/blog/categories/plumbing-tips/index.html]
[www.benfranklin365.com/images/blog/Extending-the-Life-of-Your-Water-Heater-BF.jpg]
[www.benfranklin365.com/blog/categories/prevent-plumbing-problems/index.html]
[www.benfranklin365.com/blog/2017/february/simple-things-you-can-do-to-prevent-plumbing-pro/index.html]
[www.benfranklin365.com/blog/categories/save-energy/index.html]
[www.benfranklin365.com/blog/2016/march/3-ways-to-protect-animals-from-the-perils-of-hum/index.html]
[www.benfranklin365.com/blog/categories/protecting-wildlife/index.html]
[www.benfranklin365.com/blog/categories/save-water/index.html]
[www.benfranklin365.com/images/blog/Is-Your-Water-Heater-Telling-You-it-s-Time-for-a-Replacement-Hawthorne.47.delayed]
[www.benfranklin365.com/blog/2017/october/5-tips-to-help-cut-down-on-high-water-bills-and-/index.html]
[www.benfranklin365.com/blog/2017/october/5-tips-to-help-cut-down-on-high-water-bills/index.html]
[www.benfranklin365.com/images/blog/BF-Blog-Simple-Care-for-Your-Dishwasher.48.delayed]
[www.benfranklin365.com/blog/categories/sewer-line/index.html]
[www.benfranklin365.com/blog/2016/august/what-to-do-if-tree-roots-clog-your-sewer-pipe/index.html]
[www.benfranklin365.com/images/blog/Your-Toilet-is-Overflowing-What-Now.jpg]
[www.benfranklin365.com/blog/categories/smelly-plumbing/index.html]
[www.benfranklin365.com/images/blog/How-the-Holidays-Can-Affect-Your-Plumbing-BF.jpg]
[www.benfranklin365.com/blog/categories/spring-plumbing/index.html]
[www.benfranklin365.com/blog/categories/summer-plumbing/index.html]
[www.benfranklin365.com/blog/2016/september/are-stinky-sewer-smells-wafting-out-of-your-drai/index.html]
[www.benfranklin365.com/images/blog/DIY-Plumbing-Gone-Wrong.jpg]
[www.benfranklin365.com/blog/categories/sump-pump/index.html]
[www.benfranklin365.com/blog/categories/toilet-care/index.html]
[www.benfranklin365.com/blog/2017/june/summer-solutions-to-common-home-business-plumbin/index.html]
[www.benfranklin365.com/images/blog/5-Tips-to-Prepare-Your-Home-for-Winter-Weather-Hawthorne.jpg]
[www.benfranklin365.com/blog/categories/water-filtration-system/index.html]
[www.benfranklin365.com/blog/categories/water-conservation/index.html]
[www.benfranklin365.com/images/blog/Removing-and-Preventing-Limescale-BF.jpg]
[www.benfranklin365.com/blog/2017/may/is-your-water-heater-telling-you-it-s-time-for-a/index.html]
[www.benfranklin365.com/blog/categories/water-heater/index.html]
[www.benfranklin365.com/images/blog/5-Easy-Tips-for-Winterizing-the-Outside-of-Your-Home-BF.jpg]
[www.benfranklin365.com/blog/categories/water-heater-tune-up/index.html]
[www.benfranklin365.com/blog/categories/water-pipes/index.html]
[www.benfranklin365.com/images/blog/5-Tips-to-Help-Cut-Down-on-High-Water-Bills-BF.jpg]
[www.benfranklin365.com/blog/categories/water-quality/index.html]
[www.benfranklin365.com/blog/categories/water-safety/index.html]
[www.benfranklin365.com/blog/categories/whole-house-water-filtration/index.html]
[www.benfranklin365.com/blog/2017/november/4-signs-your-heating-system-needs-service/index.html]
[www.benfranklin365.com/blog/2017/january/extending-the-life-of-your-water-heater/index.html]
[www.benfranklin365.com/images/blog/Save-Water-BF.jpg]
[www.benfranklin365.com/blog/2017/november/5-easy-tips-for-winterizing-the-outside-of-your-/index.html]
[www.benfranklin365.com/blog/2017/june/removing-and-preventing-limescale/index.html]
[www.benfranklin365.com/blog/2017/index.html]
[www.benfranklin365.com/blog/2017/march/solving-water-safety-challenges-with-whole-house/index.html]
[www.benfranklin365.com/images/blog/Are-Stinky-Sewer-Smells-Wafting-Out-of-Your-Drains-BF.jpg]
[www.benfranklin365.com/images/blog/Keeping-Your-Sump-Pump-Clean-BF.jpg]
[www.benfranklin365.com/images/blog/3-Ways-to-Protect-Animals-from-the-Perils-of-Human-Plumbing.jpg]
[www.benfranklin365.com/blog/2016/december/5-tips-to-hiring-a-quality-plumbing-company/index.html]
[www.benfranklin365.com/images/blog/What-is-the-Right-Temperature-for-My-Water-Heater-BF.jpg]
[www.benfranklin365.com/blog/2016/september/what-is-the-right-temperature-for-my-water-heate/index.html]
[www.benfranklin365.com/images/blog/Why-Does-My-Kitchen-Sink-Smell.jpg]
[www.benfranklin365.com/images/blog/Save-Water-When-Making-Household-Upgrades[1].jpg]
[www.benfranklin365.com/blog/2016/december/save-water-when-making-household-upgrades/index.html]
[www.benfranklin365.com/images/blog/Tree-Roots-Clog-Your-Sewer-Pipe-BF.jpg]
[www.benfranklin365.com/images/blog/4-Plumbing-Tips-to-Kick-Off-Your-Spring-Right.jpg]
[www.benfranklin365.com/blog/2016/april/4-plumbing-tips-to-kick-off-your-spring-right/index.html]
[www.benfranklin365.com/images/blog/Holiday-Plumbing-Care-BF.jpg]
[www.benfranklin365.com/blog/2016/index.html]
[www.benfranklin365.com/careers-page/index.html]
[www.benfranklin365.com/blog/2016/november/holiday-plumbing-care/index.html]
[www.benfranklin365.com/cms/includes/kmib7ialp8j.1807051336256.css]
[www.benfranklin365.com/blog/2018/may/index.html]
[www.benfranklin365.com/blog/2018/may/water-heater-tripping-its-reset-button-here-s-wh/index.html]
[www.benfranklin365.com/blog/2018/april/preparing-you-re-a-c-for-the-summer/index.html]
[www.benfranklin365.com/cms/includes/r1t4gwg8von.1806201842201.js]
[www.benfranklin365.com/blog/2018/april/3-easy-ways-to-conserve-water-in-your-home/index.html]
[www.benfranklin365.com/blog/2018/april/index.html]
[www.benfranklin365.com/site-map/index.html]
[www.benfranklin365.com/cms/includes/fyrq6j1c_u9.1807051336256.css]
[www.scorpioncms.com/css/54edd0ehfh4.css]
[www.benfranklin365.com/privacy-policy/index.html]
[www.benfranklin365.com/blog/2018/march/index.html]
[www.scorpioncms.com/includes/fonts/baskerville-open-sans.css]
[www.benfranklin365.com/blog/2018/february/index.html]
[www.benfranklin365.com/blog/2018/january/index.html]
[www.benfranklin365.com/images/blogs/blog-img-1.html]
[s7.addthis.com/js/300/addthis_widget.js]
[www.benfranklin365.com/images/blogs/blog-img-2.html]
[www.benfranklin365.com/blog/2017/december/index.html]
[www.benfranklin365.com/blog/2017/november/index.html]
[www.benfranklin365.com/images/blogs/blog-img-3.html]
[www.benfranklin365.com/blog/2017/september/index.html]
[www.benfranklin365.com/blog/2017/october/index.html]
[www.benfranklin365.com/cms/includes/smy9_wec2rb.1807051336256.css]
[www.benfranklin365.com/blog/2017/july/index.html]
[www.benfranklin365.com/blog/2017/may/index.html]
[www.benfranklin365.com/blog/2017/june/index.html]
[www.benfranklin365.com/cms/includes/dsusctsofxs.1807051336256.css]
[www.benfranklin365.com/blog/2017/april/index.html]
[www.benfranklin365.com/blog/2017/march/index.html]
[www.benfranklin365.com/blog/2017/february/index.html]
[www.benfranklin365.com/cms/includes/g_zf8nb05dn.1807051336256.css]
[www.benfranklin365.com/cms/includes/gpuiykitgjb.1807051336256.css]
[www.benfranklin365.com/blog/2017/february/plumbing-cameras-offer-a-view-from-the-inside/index.html]
[www.benfranklin365.com/blog/2016/december/index.html]
[www.benfranklin365.com/blog/2017/january/index.html]
[www.benfranklin365.com/blog/2016/november/index.html]
[www.benfranklin365.com/cms/includes/bfjqrqjp5g2.1807051336256.css]
[www.benfranklin365.com/blog/2016/september/index.html]
[www.benfranklin365.com/blog/2016/august/index.html]
[www.benfranklin365.com/blog/2016/april/index.html]
[www.benfranklin365.com/site-search/index.html]
[www.benfranklin365.com/blog/2016/march/index.html]
[www.benfranklin365.com/cms/includes/2hqda4lphv4.1807051336256.css]
[www.benfranklin365.com/cms/includes/m0r0ugnt2o9.1807051336256.css]
[www.benfranklin365.com/images/blog/3-Reasons-Your-Air-Conditioner-Needs-a-Tune-Up-BF.jpg]
[www.benfranklin365.com/images/blog/Energy-Saving-Tips-for-Spring-and-Summer-BF.jpg]
[www.benfranklin365.com/blog/categories/a-c-tune-up/index.html]
[www.benfranklin365.com/blog/categories/air-conditioning/index.html]
[www.benfranklin365.com/blog/categories/air-conditioning-maintenance/index.html]
[www.benfranklin365.com/blog/categories/bathroom-plumbing/index.html]
[www.benfranklin365.com/images/blog/Combat-Mosquitoes-BF[1].jpg]
[www.benfranklin365.com/blog/categories/combat-mosquitoes/index.html]
[www.benfranklin365.com/blog/categories/control-water-leaks/index.html]
[www.benfranklin365.com/blog/categories/dishwasher/index.html]
[www.benfranklin365.com/blog/categories/dishwasher-care/index.html]
[www.benfranklin365.com/blog/categories/diy/index.html]
[www.benfranklin365.com/blog/categories/diy-home-repairs/index.html]
[www.benfranklin365.com/blog/2018/march/4-questions-every-homeowner-should-ask-about-wat/index.html]
[www.benfranklin365.com/blog/2018/february/hvac-care-for-pet-owners/index.html]
[www.benfranklin365.com/blog/2018/january/is-it-time-to-tune-up-or-replace-your-water-heat/index.html]
[www.benfranklin365.com/blog/2017/december/wait-don-t-flush-that-8-item-that-should-never-b/index.html]
[www.benfranklin365.com/blog/2018/february/4-signs-you-may-need-a-water-filtration-system-f/index.html]
[www.benfranklin365.com/blog/2017/may/3-reasons-your-air-conditioner-needs-a-tune-up/index.html]
[www.benfranklin365.com/blog/2017/april/energy-saving-tips-for-spring-and-summer/index.html]
[www.benfranklin365.com/blog/2017/may/your-toilet-is-overflowing-what-now-/index.html]
[www.benfranklin365.com/blog/2017/may/five-plumbing-problems-you-want-to-avoid-this-sp/index.html]
[www.benfranklin365.com/blog/2017/july/control-water-around-the-home-to-combat-mosquito/index.html]
[www.benfranklin365.com/blog/2017/january/simple-care-for-your-dishwasher/index.html]
[www.benfranklin365.com/blog/2017/september/home-repairs-you-shouldn-t-tackle-yourself/index.html]
[www.benfranklin365.com/blog/categories/energy-efficiency/index.html]
[www.benfranklin365.com/blog/2018/january/save-energy-by-wrapping-your-water-heater/index.html]
[www.benfranklin365.com/blog/categories/flooded-basement/index.html]
[www.benfranklin365.com/blog/2016/september/stay-dry-by-keeping-your-sump-pump-clean/index.html]
[www.benfranklin365.com/blog/categories/heating-air/index.html]
[www.benfranklin365.com/blog/categories/holiday-plumbing-tips/index.html]
[www.benfranklin365.com/blog/2017/december/pain-in-the-drain-how-the-holidays-can-affect-yo/index.html]
[www.benfranklin365.com/blog/categories/household-maintenance/index.html]
[www.benfranklin365.com/blog/2018/january/keep-your-home-in-top-shape-by-following-an-annu/index.html]
[www.benfranklin365.com/blog/categories/hvac/index.html]
[www.benfranklin365.com/blog/categories/hvac-maintenance/index.html]
[www.benfranklin365.com/blog/categories/hvac-tips-for-pet-owners/index.html]
[www.benfranklin365.com/blog/categories/kitchen-plumbing/index.html]
[www.benfranklin365.com/blog/categories/kitchen-sink/index.html]
[www.benfranklin365.com/blog/2016/april/why-does-my-kitchen-sink-smell-/index.html]
[www.benfranklin365.com/blog/categories/plumbing/index.html]
[www.benfranklin365.com/images/blog/Solutions-to-Common-Plumbing-Problems-BF.jpg]
[www.benfranklin365.com/blog/categories/plumbing-maintenance/index.html]
[www.benfranklin365.com/blog/categories/plumbing-reno/index.html]
[www.benfranklin365.com/blog/categories/plumbing-tips/index.html]
[www.benfranklin365.com/images/blog/Simple-Things-You-Can-Do-to-Prevent-Plumbing-Problems-this-Spring-BF.jpg]
[www.benfranklin365.com/blog/categories/prevent-plumbing-problems/index.html]
[www.benfranklin365.com/blog/2017/february/simple-things-you-can-do-to-prevent-plumbing-pro/index.html]
[www.benfranklin365.com/blog/categories/protecting-wildlife/index.html]
[www.benfranklin365.com/blog/2016/march/3-ways-to-protect-animals-from-the-perils-of-hum/index.html]
[www.benfranklin365.com/blog/categories/save-energy/index.html]
[www.benfranklin365.com/images/blog/Kid-Showering.jpg]
[www.benfranklin365.com/blog/categories/save-water/index.html]
[www.benfranklin365.com/blog/2017/october/5-tips-to-help-cut-down-on-high-water-bills/index.html]
[www.benfranklin365.com/blog/2017/october/5-tips-to-help-cut-down-on-high-water-bills-and-/index.html]
[www.benfranklin365.com/blog/categories/sewer-line/index.html]
[www.benfranklin365.com/blog/2016/august/what-to-do-if-tree-roots-clog-your-sewer-pipe/index.html]
[www.benfranklin365.com/blog/categories/smelly-plumbing/index.html]
[www.benfranklin365.com/blog/2016/september/are-stinky-sewer-smells-wafting-out-of-your-drai/index.html]
[www.benfranklin365.com/blog/categories/spring-plumbing/index.html]
[www.benfranklin365.com/blog/categories/summer-plumbing/index.html]
[www.benfranklin365.com/blog/2017/june/summer-solutions-to-common-home-business-plumbin/index.html]
[www.benfranklin365.com/blog/categories/sump-pump/index.html]
[www.benfranklin365.com/blog/categories/toilet-care/index.html]
[www.benfranklin365.com/blog/categories/water-conservation/index.html]
[www.benfranklin365.com/blog/categories/water-filtration-system/index.html]
[www.benfranklin365.com/blog/categories/water-heater/index.html]
[www.benfranklin365.com/blog/2017/may/is-your-water-heater-telling-you-it-s-time-for-a/index.html]
[www.benfranklin365.com/blog/categories/water-heater-tune-up/index.html]
[www.benfranklin365.com/blog/categories/water-pipes/index.html]
[www.benfranklin365.com/blog/categories/water-quality/index.html]
[www.benfranklin365.com/blog/categories/water-safety/index.html]
[www.benfranklin365.com/blog/categories/whole-house-water-filtration/index.html]
[www.benfranklin365.com/blog/2017/march/solving-water-safety-challenges-with-whole-house/index.html]
[www.benfranklin365.com/cms/includes/pftr6jbz76n.1807051336256.css]
[www.benfranklin365.com/blog/2017/january/extending-the-life-of-your-water-heater/index.html]
[www.benfranklin365.com/blog/2017/november/4-signs-your-heating-system-needs-service/index.html]
[www.benfranklin365.com/blog/2017/june/removing-and-preventing-limescale/index.html]
[www.benfranklin365.com/blog/2017/november/5-easy-tips-for-winterizing-the-outside-of-your-/index.html]
[www.benfranklin365.com/blog/2016/december/5-tips-to-hiring-a-quality-plumbing-company/index.html]
[www.benfranklin365.com/blog/2016/september/what-is-the-right-temperature-for-my-water-heate/index.html]
[www.benfranklin365.com/blog/2016/december/save-water-when-making-household-upgrades/index.html]
[www.benfranklin365.com/blog/2016/april/4-plumbing-tips-to-kick-off-your-spring-right/index.html]
[www.benfranklin365.com/blog/2016/november/holiday-plumbing-care/index.html]
[www.benfranklin365.com/cms/includes/kmib7ialp8j.1807051336256.css]
[www.benfranklin365.com/blog/2018/may/index.html]
[www.benfranklin365.com/blog/2018/april/index.html]
[www.benfranklin365.com/cms/includes/fyrq6j1c_u9.1807051336256.css]
[www.benfranklin365.com/cms/includes/iwgrg7z8if2.1807051336256.css]
[www.benfranklin365.com/privacy-policy/index.html]
[www.benfranklin365.com/cms/includes/epc3dus4aoq.1807051336256.css]
[www.benfranklin365.com/site-search/index.html]
[www.benfranklin365.com/cms/includes/ujh7peen3m9.1806201842201.js]
[www.benfranklin365.com/blog/2018/march/index.html]
[www.benfranklin365.com/blog/2018/february/index.html]
[www.benfranklin365.com/blog/2018/january/index.html]
[www.benfranklin365.com/blog/2017/december/index.html]
[www.benfranklin365.com/blog/2017/november/index.html]
[www.benfranklin365.com/blog/2017/october/index.html]
[www.benfranklin365.com/blog/2017/september/index.html]
[www.benfranklin365.com/blog/2017/july/index.html]
[www.benfranklin365.com/blog/2017/june/index.html]
[www.benfranklin365.com/blog/2017/may/index.html]
[www.benfranklin365.com/blog/2017/april/index.html]
[www.benfranklin365.com/blog/2017/march/index.html]
[www.benfranklin365.com/images/blog/Plumbing-Cameras-Offer-a-View-from-the-Inside-Hawthorne.jpg]
[www.benfranklin365.com/blog/2017/february/index.html]
[www.benfranklin365.com/blog/2017/february/plumbing-cameras-offer-a-view-from-the-inside/index.html]
[www.benfranklin365.com/blog/2017/january/index.html]
[www.benfranklin365.com/blog/2016/december/index.html]
[www.benfranklin365.com/blog/2016/november/index.html]
[www.benfranklin365.com/blog/2016/september/index.html]
[www.benfranklin365.com/blog/2016/august/index.html]
[www.benfranklin365.com/blog/2016/april/index.html]
[www.benfranklin365.com/blog/2016/march/index.html]
[www.benfranklin365.com/images/blogs/blog-img-4.html]
[www.benfranklin365.com/images/blogs/blog-img-5.html]
[www.benfranklin365.com/images/blogs/blog-img-6.html]
[www.benfranklin365.com/cms/includes/m0r0ugnt2o9.1807051336256.css]
[www.benfranklin365.com/cms/includes/iwgrg7z8if2.1807051336256.css]
[www.benfranklin365.com/cms/includes/epc3dus4aoq.1807051336256.css]
